// Jest Snapshot v1, https://goo.gl/fbAQLP

exports[`BannerMessagesContext should apply a hook for retrieving messages data from a selector and apply new messages: dispatch 1`] = `
[
  [
    {
      "bannerMessages": [
        {
          "hash": "c-132545487",
          "id": "new message",
          "title": "new message",
        },
      ],
      "type": "SET_BANNER_MESSAGES-dolorSit",
    },
  ],
]
`;

exports[`BannerMessagesContext should apply a hook for retrieving messages data from a selector and remove messages: dispatch 1`] = `[]`;

exports[`BannerMessagesContext should apply a hook for retrieving messages data from a selector: banner messages 1`] = `
{
  "bannerMessages": [],
}
`;

exports[`BannerMessagesContext should return specific properties: specific properties 1`] = `
{
  "useBannerMessages": [Function],
  "useRemoveBannerMessages": [Function],
  "useSetBannerMessages": [Function],
}
`;
