// Jest Snapshot v1, https://goo.gl/fbAQLP

exports[`ProductViewDefault Component should render a non-connected component: non-connected 1`] = `
<ProductView
  routeDetail={
    Object {
      "pathParameter": "lorem ipsum",
      "productConfig": Array [
        Object {
          "lorem": "ipsum",
        },
      ],
      "productParameter": "dolor sit",
    }
  }
  t={[Function]}
  toolbarGraph={null}
  toolbarGraphDescription={false}
  toolbarProduct={null}
/>
`;
