// Jest Snapshot v1, https://goo.gl/fbAQLP

exports[`ProductViewMissing Component should redirect when there are limited product cards: redirect action 1`] = `
[
  [
    "openshift-container",
  ],
]
`;

exports[`ProductViewMissing Component should render a basic component: basic 1`] = `
<PageLayout
  className="curiosity-missing-view"
>
  <PageHeader
    productLabel="missing"
    t={[Function]}
  >
    t(curiosity-view.title, {"appName":"Subscriptions"})
  </PageHeader>
  <PageSection
    isFilled={true}
  >
    <Gallery
      hasGutter={true}
    >
      <Card
        isHoverable={true}
        key="missingViewCard-OpenShift Container Platform-generatedid-"
        onClick={[Function]}
      >
        <CardTitle>
          <Title
            headingLevel="h2"
            size="lg"
          >
            t(curiosity-view.title, {"appName":"Subscriptions","context":"OpenShift Container Platform"})
          </Title>
        </CardTitle>
        <CardBody
          className="curiosity-missing-view__card-description"
        >
          t(curiosity-view.description, {"appName":"Subscriptions","context":"OpenShift Container Platform"})
        </CardBody>
        <CardFooter>
          <Button
            icon={
              <ArrowRightIcon
                color="currentColor"
                noVerticalAlign={false}
                size="sm"
              />
            }
            iconPosition="right"
            isInline={true}
            onClick={[Function]}
            variant="link"
          >
            Open
          </Button>
        </CardFooter>
      </Card>
      <Card
        isHoverable={true}
        key="missingViewCard-OpenShift-dedicated-metrics-generatedid-"
        onClick={[Function]}
      >
        <CardTitle>
          <Title
            headingLevel="h2"
            size="lg"
          >
            t(curiosity-view.title, {"appName":"Subscriptions","context":"OpenShift-dedicated-metrics"})
          </Title>
        </CardTitle>
        <CardBody
          className="curiosity-missing-view__card-description"
        >
          t(curiosity-view.description, {"appName":"Subscriptions","context":"OpenShift-dedicated-metrics"})
        </CardBody>
        <CardFooter>
          <Button
            icon={
              <ArrowRightIcon
                color="currentColor"
                noVerticalAlign={false}
                size="sm"
              />
            }
            iconPosition="right"
            isInline={true}
            onClick={[Function]}
            variant="link"
          >
            Open
          </Button>
        </CardFooter>
      </Card>
      <Card
        isHoverable={true}
        key="missingViewCard-rhacs-generatedid-"
        onClick={[Function]}
      >
        <CardTitle>
          <Title
            headingLevel="h2"
            size="lg"
          >
            t(curiosity-view.title, {"appName":"Subscriptions","context":"rhacs"})
          </Title>
        </CardTitle>
        <CardBody
          className="curiosity-missing-view__card-description"
        >
          t(curiosity-view.description, {"appName":"Subscriptions","context":"rhacs"})
        </CardBody>
        <CardFooter>
          <Button
            icon={
              <ArrowRightIcon
                color="currentColor"
                noVerticalAlign={false}
                size="sm"
              />
            }
            iconPosition="right"
            isInline={true}
            onClick={[Function]}
            variant="link"
          >
            Open
          </Button>
        </CardFooter>
      </Card>
      <Card
        isHoverable={true}
        key="missingViewCard-RHEL-generatedid-"
        onClick={[Function]}
      >
        <CardTitle>
          <Title
            headingLevel="h2"
            size="lg"
          >
            t(curiosity-view.title, {"appName":"Subscriptions","context":"RHEL"})
          </Title>
        </CardTitle>
        <CardBody
          className="curiosity-missing-view__card-description"
        >
          t(curiosity-view.description, {"appName":"Subscriptions","context":"RHEL"})
        </CardBody>
        <CardFooter>
          <Button
            icon={
              <ArrowRightIcon
                color="currentColor"
                noVerticalAlign={false}
                size="sm"
              />
            }
            iconPosition="right"
            isInline={true}
            onClick={[Function]}
            variant="link"
          >
            Open
          </Button>
        </CardFooter>
      </Card>
      <Card
        isHoverable={true}
        key="missingViewCard-rhods-generatedid-"
        onClick={[Function]}
      >
        <CardTitle>
          <Title
            headingLevel="h2"
            size="lg"
          >
            t(curiosity-view.title, {"appName":"Subscriptions","context":"rhods"})
          </Title>
        </CardTitle>
        <CardBody
          className="curiosity-missing-view__card-description"
        >
          t(curiosity-view.description, {"appName":"Subscriptions","context":"rhods"})
        </CardBody>
        <CardFooter>
          <Button
            icon={
              <ArrowRightIcon
                color="currentColor"
                noVerticalAlign={false}
                size="sm"
              />
            }
            iconPosition="right"
            isInline={true}
            onClick={[Function]}
            variant="link"
          >
            Open
          </Button>
        </CardFooter>
      </Card>
    </Gallery>
  </PageSection>
</PageLayout>
`;
