// Jest Snapshot v1, https://goo.gl/fbAQLP

exports[`i18n locale should generate a predictable pot output snapshot: pot output 1`] = `
"msgid \\"\\"
msgstr \\"\\"
\\"Content-Type: text/plain; charset=UTF-8\\\\n\\"

#: src/components/rhelGraphCard/rhelGraphCardTypes.js:7
msgctxt \\"Daily\\"
msgid \\"curiosity-graph.dropdownDaily\\"
msgstr \\"\\"

#: src/components/rhelGraphCard/rhelGraphCard.js:109
msgctxt \\"Daily CPU socket usage\\"
msgid \\"curiosity-graph.heading\\"
msgstr \\"\\"

#: src/components/rhelGraphCard/rhelGraphCard.js:77
msgctxt \\"from previous day\\"
msgid \\"curiosity-graph.tooltipPreviousLabel\\"
msgstr \\"\\"

#: src/components/rhelGraphCard/rhelGraphCardTypes.js:9
msgctxt \\"Monthly\\"
msgid \\"curiosity-graph.dropdownMonthly\\"
msgstr \\"\\"

#: src/components/rhelGraphCard/rhelGraphCardTypes.js:10
msgctxt \\"Quarterly\\"
msgid \\"curiosity-graph.dropdownQuarterly\\"
msgstr \\"\\"

#: src/components/rhelGraphCard/rhelGraphCard.js:112
#: src/components/rhelGraphCard/rhelGraphCard.js:116
msgctxt \\"Select date range\\"
msgid \\"curiosity-graph.dropdownPlaceholder\\"
msgstr \\"\\"

#: src/components/rhelGraphCard/rhelGraphCard.js:76
msgctxt \\"sockets on\\"
msgid \\"curiosity-graph.tooltipLabel\\"
msgstr \\"\\"

#: src/components/rhelGraphCard/rhelGraphCardTypes.js:8
msgctxt \\"Weekly\\"
msgid \\"curiosity-graph.dropdownWeekly\\"
msgstr \\"\\"
"
`;

exports[`i18n locale should have locale keys that exist in the default language JSON: missing locale keys 1`] = `Array []`;
