// Jest Snapshot v1, https://goo.gl/fbAQLP

exports[`Screenshot confirmations should display correct browser: toolbarFieldUsage html 1`] = `"<section class=\\"pf-l-page-header pf-c-page-header pf-l-page__main-section pf-c-page__main-section pf-m-light\\" widget-type=\\"InsightsPageHeader\\"><div class=\\"pf-l-flex pf-m-justify-content-space-between-on-sm\\"><div class=\\"\\"><h1 data-ouia-component-type=\\"PF4/Title\\" data-ouia-safe=\\"true\\" data-ouia-component-id=\\"OUIA-Generated-Title-3\\" widget-type=\\"InsightsPageHeaderTitle\\" class=\\"pf-c-title pf-m-2xl pf-u-mb-sm\\"><div class=\\"pf-c-skeleton ins-c-skeleton ins-c-skeleton__sm\\"><span class=\\"pf-u-screen-reader\\"></span></div></h1></div></div></section><section class=\\"pf-c-page__main-section pf-m-no-padding curiosity \\"></section>"`;
