// Jest Snapshot v1, https://goo.gl/fbAQLP

exports[`_InventoryListHelpers normalizeInventorySettings should return base graph settings: basic filters 1`] = `
{
  "filters": [
    {
      "cell": [Function],
      "header": [Function],
      "lorem": "ipsum",
    },
    {
      "cell": [Function],
      "dolor": "sit",
      "header": [Function],
    },
  ],
  "settings": {},
}
`;

exports[`_InventoryListHelpers normalizeInventorySettings should return base graph settings: no filters 1`] = `
{
  "filters": [],
  "settings": {},
}
`;

exports[`_InventoryListHelpers should have specific functions: inventoryListHelpers 1`] = `
{
  "normalizeInventorySettings": [Function],
  "parseInventoryResponse": [Function],
}
`;
