// Jest Snapshot v1, https://goo.gl/fbAQLP

exports[`ToolbarFieldBillingProvider Component should export select options: toolbarFieldOptions 1`] = `
[
  {
    "selected": false,
    "title": "t(curiosity-toolbar.label_billing_provider, {"context":"red hat"})",
    "value": "red hat",
  },
  {
    "selected": false,
    "title": "t(curiosity-toolbar.label_billing_provider, {"context":"aws"})",
    "value": "aws",
  },
]
`;

exports[`ToolbarFieldBillingProvider Component should handle updating sla through redux state with component: dispatch, component 1`] = `
[
  [
    [
      {
        "__dynamic": true,
        "__originalType": "SET_QUERY_INVENTORY_INSTANCES-undefined",
        "dir": undefined,
        "dynamicType": "SET_QUERY_INVENTORY_INSTANCES-undefined",
        "offset": 0,
        "sort": undefined,
        "type": "SET_QUERY_INVENTORY_INSTANCES-undefined",
      },
      {
        "__dynamic": true,
        "__originalType": "SET_QUERY_INVENTORY_SUBSCRIPTIONS-undefined",
        "dir": undefined,
        "dynamicType": "SET_QUERY_INVENTORY_SUBSCRIPTIONS-undefined",
        "offset": 0,
        "sort": undefined,
        "type": "SET_QUERY_INVENTORY_SUBSCRIPTIONS-undefined",
      },
      {
        "__dynamic": true,
        "__originalType": "SET_QUERY-undefined",
        "billing_provider": "red hat",
        "dynamicType": "SET_QUERY-undefined",
        "type": "SET_QUERY-undefined",
      },
    ],
  ],
]
`;

exports[`ToolbarFieldBillingProvider Component should handle updating sla through redux state with hook: dispatch, hook 1`] = `
[
  [
    [
      {
        "__dynamic": true,
        "__originalType": "SET_QUERY_INVENTORY_INSTANCES-loremIpsum",
        "dir": undefined,
        "dynamicType": "SET_QUERY_INVENTORY_INSTANCES-loremIpsum",
        "offset": 0,
        "sort": undefined,
        "type": "SET_QUERY_INVENTORY_INSTANCES-loremIpsum",
      },
      {
        "__dynamic": true,
        "__originalType": "SET_QUERY_INVENTORY_SUBSCRIPTIONS-loremIpsum",
        "dir": undefined,
        "dynamicType": "SET_QUERY_INVENTORY_SUBSCRIPTIONS-loremIpsum",
        "offset": 0,
        "sort": undefined,
        "type": "SET_QUERY_INVENTORY_SUBSCRIPTIONS-loremIpsum",
      },
      {
        "__dynamic": true,
        "__originalType": "SET_QUERY-loremIpsum",
        "billing_provider": "dolor sit",
        "dynamicType": "SET_QUERY-loremIpsum",
        "type": "SET_QUERY-loremIpsum",
      },
    ],
  ],
]
`;

exports[`ToolbarFieldBillingProvider Component should render a basic component: basic 1`] = `
<Select
  aria-label="t(curiosity-toolbar.placeholder_billing, {"context":"provider"})"
  ariaLabel="Select option"
  className=""
  data-test="toolbarFieldBillingProvider"
  direction="down"
  id="generatedid-"
  isDisabled={false}
  isDropdownButton={false}
  isFlipEnabled={false}
  isInline={true}
  isToggleText={true}
  maxHeight={null}
  name={null}
  onSelect={[Function]}
  onSplitButton={[Function]}
  options={
    [
      {
        "selected": false,
        "title": "t(curiosity-toolbar.label_billing_provider, {"context":"red hat"})",
        "value": "red hat",
      },
      {
        "selected": true,
        "title": "t(curiosity-toolbar.label_billing_provider, {"context":"aws"})",
        "value": "aws",
      },
    ]
  }
  placeholder="t(curiosity-toolbar.placeholder_billing, {"context":"provider"})"
  position="left"
  selectedOptions="aws"
  splitButtonVariant={null}
  toggleIcon={null}
  variant="single"
/>
`;
