// Jest Snapshot v1, https://goo.gl/fbAQLP

exports[`ToolbarFieldDisplayName Component should render a non-connected component: non-connected 1`] = `
<InputGroup>
  <TextInput
    aria-label="t(curiosity-toolbar.placeholder, {\\"context\\":\\"displayName\\"})"
    className=""
    isDisabled={false}
    isReadOnly={false}
    name={null}
    onChange={[Function]}
    onClear={[Function]}
    onKeyUp={[Function]}
    onMouseUp={[Function]}
    placeholder="t(curiosity-toolbar.placeholder, {\\"context\\":\\"displayName\\"})"
    type="search"
    value={null}
  />
  <Button
    aria-label="t(curiosity-toolbar.button, {\\"context\\":\\"displayName\\"})"
    onClick={[Function]}
    variant="control"
  >
    <SearchIcon
      color="currentColor"
      noVerticalAlign={false}
      size="sm"
    />
  </Button>
</InputGroup>
`;
