// Jest Snapshot v1, https://goo.gl/fbAQLP

exports[`ToolbarFieldUom Component should render a non-connected component: non-connected 1`] = `
<Select
  aria-label="t(curiosity-toolbar.placeholder, {\\"context\\":\\"uom\\"})"
  ariaLabel="Select option"
  className=""
  id="generatedid-"
  isDisabled={false}
  isToggleText={true}
  name={null}
  onSelect={[Function]}
  options={
    Array [
      Object {
        "selected": true,
        "title": "t(curiosity-toolbar.uom, {\\"context\\":\\"cores\\"})",
        "value": "cores",
      },
      Object {
        "selected": false,
        "title": "t(curiosity-toolbar.uom, {\\"context\\":\\"sockets\\"})",
        "value": "sockets",
      },
    ]
  }
  placeholder="t(curiosity-toolbar.placeholder, {\\"context\\":\\"uom\\"})"
  selectedOptions="cores"
  toggleIcon={null}
  variant="single"
/>
`;
